[0m01:37:43.655009 [debug] [MainThread]: Sending event: {'category': 'dbt', 'action': 'invocation', 'label': 'start', 'context': [<snowplow_tracker.self_describing_json.SelfDescribingJson object at 0x000002AB9A761E80>, <snowplow_tracker.self_describing_json.SelfDescribingJson object at 0x000002AB98E179D0>, <snowplow_tracker.self_describing_json.SelfDescribingJson object at 0x000002AB9DF939D0>]}


============================== 01:37:43.708918 | a3e02376-bcaf-48e9-ab69-cf5650378cdf ==============================
[0m01:37:43.708918 [info ] [MainThread]: Running with dbt=1.12.0
[0m01:37:43.709826 [debug] [MainThread]: running dbt with arguments {'version_check': 'True', 'no_print': 'None', 'static_parser': 'True', 'target_path': 'None', 'warn_error_options': 'WarnErrorOptionsV2(error=[], warn=[], silence=[])', 'maximum_seed_size_mib': '1', 'printer_width': '80', 'write_json': 'True', 'introspect': 'True', 'log_cache_events': 'False', 'empty': 'None', 'cache_selected_only': 'False', 'fail_fast': 'False', 'debug': 'False', 'log_format': 'default', 'partial_parse': 'True', 'send_anonymous_usage_stats': 'True', 'quiet': 'False', 'warn_error': 'None', 'profiles_dir': 'C:\\Users\\aryan\\.dbt', 'invocation_command': 'dbt init dbt_project', 'hints_enabled': 'True', 'indirect_selection': 'eager', 'use_experimental_parser': 'False', 'use_colors': 'True', 'log_path': 'logs'}
[0m01:37:43.830251 [info ] [MainThread]: Creating dbt configuration folder at C:\Users\aryan\.dbt
[0m01:37:43.834569 [debug] [MainThread]: Starter project path: C:\Users\aryan\OneDrive\Desktop\Customer 360\.venv\Lib\site-packages\dbt\include\starter_project
[0m01:37:43.876773 [info ] [MainThread]: Setting up your profile.
[0m01:38:11.269224 [info ] [MainThread]: Profile dbt_project written to C:\Users\aryan\.dbt\profiles.yml using target's sample configuration. Once updated, you'll be able to start developing with dbt.
[0m01:38:11.285559 [info ] [MainThread]: Running dbt debug to validate the project...
[0m01:38:11.286993 [info ] [MainThread]: dbt version: 1.12.0
[0m01:38:11.289096 [info ] [MainThread]: python version: 3.14.3
[0m01:38:11.290626 [info ] [MainThread]: python path: C:\Users\aryan\OneDrive\Desktop\Customer 360\.venv\Scripts\python.exe
[0m01:38:11.291651 [info ] [MainThread]: os info: Windows-11-10.0.26200-SP0
[0m01:38:11.477969 [info ] [MainThread]: Using profiles dir at C:\Users\aryan\.dbt
[0m01:38:11.478857 [info ] [MainThread]: Using profiles.yml file at C:\Users\aryan\.dbt\profiles.yml
[0m01:38:11.479838 [info ] [MainThread]: Using dbt_project.yml file at C:\Users\aryan\OneDrive\Desktop\Customer 360\dbt_project\dbt_project.yml
[0m01:38:11.486691 [info ] [MainThread]: adapter type: duckdb
[0m01:38:11.487469 [info ] [MainThread]: adapter version: 1.10.1
[0m01:38:11.692765 [info ] [MainThread]: Configuration:
[0m01:38:11.693614 [info ] [MainThread]:   profiles.yml file [[32mOK found and valid[0m]
[0m01:38:11.694370 [info ] [MainThread]:   dbt_project.yml file [[32mOK found and valid[0m]
[0m01:38:11.695248 [info ] [MainThread]: Required dependencies:
[0m01:38:11.696485 [debug] [MainThread]: Executing "git --help"
[0m01:38:11.795625 [debug] [MainThread]: STDOUT: "b"usage: git [-v | --version] [-h | --help] [-C <path>] [-c <name>=<value>]\n           [--exec-path[=<path>]] [--html-path] [--man-path] [--info-path]\n           [-p | --paginate | -P | --no-pager] [--no-replace-objects] [--bare]\n           [--git-dir=<path>] [--work-tree=<path>] [--namespace=<name>]\n           [--config-env=<name>=<envvar>] <command> [<args>]\n\nThese are common Git commands used in various situations:\n\nstart a working area (see also: git help tutorial)\n   clone     Clone a repository into a new directory\n   init      Create an empty Git repository or reinitialize an existing one\n\nwork on the current change (see also: git help everyday)\n   add       Add file contents to the index\n   mv        Move or rename a file, a directory, or a symlink\n   restore   Restore working tree files\n   rm        Remove files from the working tree and from the index\n\nexamine the history and state (see also: git help revisions)\n   bisect    Use binary search to find the commit that introduced a bug\n   diff      Show changes between commits, commit and working tree, etc\n   grep      Print lines matching a pattern\n   log       Show commit logs\n   show      Show various types of objects\n   status    Show the working tree status\n\ngrow, mark and tweak your common history\n   branch    List, create, or delete branches\n   commit    Record changes to the repository\n   merge     Join two or more development histories together\n   rebase    Reapply commits on top of another base tip\n   reset     Reset current HEAD to the specified state\n   switch    Switch branches\n   tag       Create, list, delete or verify a tag object signed with GPG\n\ncollaborate (see also: git help workflows)\n   fetch     Download objects and refs from another repository\n   pull      Fetch from and integrate with another repository or a local branch\n   push      Update remote refs along with associated objects\n\n'git help -a' and 'git help -g' list available subcommands and some\nconcept guides. See 'git help <command>' or 'git help <concept>'\nto read about a specific subcommand or concept.\nSee 'git help git' for an overview of the system.\n""
[0m01:38:11.796716 [debug] [MainThread]: STDERR: "b''"
[0m01:38:11.797687 [info ] [MainThread]:  - git [[32mOK found[0m]

[0m01:38:11.799357 [info ] [MainThread]: Connection:
[0m01:38:11.800104 [info ] [MainThread]:   database: dev
[0m01:38:11.800737 [info ] [MainThread]:   schema: main
[0m01:38:11.801341 [info ] [MainThread]:   path: dev.duckdb
[0m01:38:11.801953 [info ] [MainThread]:   config_options: None
[0m01:38:11.802611 [info ] [MainThread]:   extensions: None
[0m01:38:11.803104 [info ] [MainThread]:   settings: {}
[0m01:38:11.803574 [info ] [MainThread]:   external_root: .
[0m01:38:11.804117 [info ] [MainThread]:   use_credential_provider: None
[0m01:38:11.804795 [info ] [MainThread]:   attach: None
[0m01:38:11.805405 [info ] [MainThread]:   filesystems: None
[0m01:38:11.806130 [info ] [MainThread]:   remote: None
[0m01:38:11.806675 [info ] [MainThread]:   plugins: None
[0m01:38:11.807182 [info ] [MainThread]:   disable_transactions: False
[0m01:38:11.807946 [info ] [MainThread]: Registered adapter: duckdb=1.10.1
[0m01:38:12.376532 [debug] [MainThread]: Acquiring new duckdb connection 'debug'
[0m01:38:12.600528 [debug] [MainThread]: Using duckdb connection "debug"
[0m01:38:12.601057 [debug] [MainThread]: On debug: select 1 as id
[0m01:38:12.601455 [debug] [MainThread]: Opening a new connection, currently in state init
[0m01:38:12.671639 [debug] [MainThread]: SQL status: OK in 0.070 seconds
[0m01:38:12.672880 [debug] [MainThread]: On debug: Close
[0m01:38:12.674162 [info ] [MainThread]:   Connection test: [[32mOK connection ok[0m]

[0m01:38:12.674872 [info ] [MainThread]: [32mAll checks passed![0m
[0m01:38:12.675509 [info ] [MainThread]: Your new dbt project "dbt_project" was created!
Initialized new project in C:\Users\aryan\OneDrive\Desktop\Customer 360\dbt_project\dbt_project

For more information on how to configure the profiles.yml file,
please consult the dbt documentation here:

  https://docs.getdbt.com/docs/configure-your-profile

One more thing:

Need help? Don't hesitate to reach out to us via GitHub issues or on Slack:

  https://community.getdbt.com/

Happy modeling!

[0m01:38:12.676964 [debug] [MainThread]: Command `dbt init` succeeded at 01:38:12.676797 after 29.23 seconds
[0m01:38:12.677383 [debug] [MainThread]: Connection 'debug' was properly closed.
[0m01:38:12.677826 [debug] [MainThread]: Sending event: {'category': 'dbt', 'action': 'invocation', 'label': 'end', 'context': [<snowplow_tracker.self_describing_json.SelfDescribingJson object at 0x000002AB9CDED350>, <snowplow_tracker.self_describing_json.SelfDescribingJson object at 0x000002AB9E983D10>, <snowplow_tracker.self_describing_json.SelfDescribingJson object at 0x000002AB9EA02250>]}
[0m01:38:12.678559 [debug] [MainThread]: Flushing usage events
[0m01:38:13.675215 [debug] [MainThread]: An error was encountered while trying to flush usage events
